atted is its successor.
npm ERR! npm WARN deprecated glob@5.0.15: Glob versions prior to v9 are no longer supported
npm ERR! npm WARN deprecated is-data-descriptor@0.1.4: Please upgrade to v0.1.5
npm ERR! npm WARN deprecated source-map-resolve@0.5.2: See https://github.com/lydell/source-map-resolve#deprecated
npm ERR! npm WARN deprecated is-accessor-descriptor@0.1.6: Please upgrade to v0.1.7
npm ERR! npm WARN deprecated streamroller@0.7.0: 0.x is no longer supported. Please upgrade to 3.x or higher.
npm ERR! npm WARN deprecated glob@7.1.2: Glob versions prior to v9 are no longer supported
npm ERR! npm WARN deprecated rimraf@2.6.2: Rimraf versions prior to v4 are no longer supported
npm ERR! npm WARN deprecated rollup-plugin-buble@0.19.2: This module has been deprecated and is no longer maintained. Please use @rollup/plugin-buble.
npm ERR! npm WARN deprecated rollup-plugin-alias@1.4.0: This module has moved and is now available at @rollup/plugin-alias. Please update your dependencies. This version is no longer maintained.
npm ERR! npm WARN deprecated rollup-plugin-inject@2.2.0: This package has been deprecated and is no longer maintained. Please use @rollup/plugin-inject.
npm ERR! npm WARN deprecated mkdirp@0.5.1: Legacy versions of mkdirp are no longer supported. Please update to mkdirp 1.x. (Note that the API surface has changed to use Promises in 1.x.)
npm ERR! npm WARN deprecated rollup-plugin-node-resolve@3.3.0: This package has been deprecated and is no longer maintained. Please use @rollup/plugin-node-resolve.
npm ERR! npm WARN deprecated uglify-es@3.3.9: support for ECMAScript is superseded by `uglify-js` as of v3.13.0
npm ERR! npm WARN deprecated buffer@4.9.1: This version of 'buffer' is out-of-date. You must update to v4.9.2 or newer
npm ERR! npm WARN deprecated rollup-watch@4.3.1: rollup-watch functionality is now included in Rollup itself
npm ERR! npm WARN deprecated log4js@3.0.4: 3.x is no longer supported. Please upgrade to 6.x or higher.
npm ERR! npm WARN deprecated istanbul@0.4.5: This module is no longer maintained, try this instead:
npm ERR! npm WARN deprecated   npm i nyc
npm ERR! npm WARN deprecated Visit https://istanbul.js.org/integrations for other alternatives.
npm ERR! npm WARN deprecated highlight.js@9.12.0: Version no longer supported. Upgrade to @latest
npm ERR! npm WARN deprecated core-js@2.5.7: core-js@<3.23.3 is no longer maintained and not recommended for usage due to the number of issues. Because of the V8 engine whims, feature detection in old core-js versions could cause a slowdown up to 100x even if nothing is polyfilled. Some versions have web compatibility issues. Please, upgrade your dependencies to the actual version of core-js.
npm ERR! npm WARN using --force Recommended protections disabled.
npm ERR! npm WARN using --force Recommended protections disabled.
npm ERR! npm WARN using --force Recommended protections disabled.
npm ERR! npm WARN using --force Recommended protections disabled.
npm ERR! npm WARN using --force Recommended protections disabled.
npm ERR! 
npm ERR! /home/samael/.npm/_cacache/tmp/git-clonedwQoM0/build/temp/library/ts/index.js → build/temp/library/rollup/browserfs.rollup.js...
npm ERR! created build/temp/library/rollup/browserfs.rollup.js in 7.2s
npm ERR! npm WARN using --force Recommended protections disabled.
npm ERR! npm WARN using --force Recommended protections disabled.
npm ERR! /home/samael/.npm/_cacache/tmp/git-clonedwQoM0/node_modules/loader-runner/lib/LoaderRunner.js:133
npm ERR!                if(isError) throw e;
npm ERR!                            ^
npm ERR! 
npm ERR! Error: error:0308010C:digital envelope routines::unsupported
npm ERR!     at new Hash (node:internal/crypto/hash:79:19)
npm ERR!     at Object.createHash (node:crypto:139:10)
npm ERR!     at module.exports (/home/samael/.npm/_cacache/tmp/git-clonedwQoM0/node_modules/webpack/lib/util/createHash.js:90:53)
npm ERR!     at NormalModule._initBuildHash (/home/samael/.npm/_cacache/tmp/git-clonedwQoM0/node_modules/webpack/lib/NormalModule.js:386:16)
npm ERR!     at handleParseError (/home/samael/.npm/_cacache/tmp/git-clonedwQoM0/node_modules/webpack/lib/NormalModule.js:434:10)
npm ERR!     at /home/samael/.npm/_cacache/tmp/git-clonedwQoM0/node_modules/webpack/lib/NormalModule.js:466:5
npm ERR!     at /home/samael/.npm/_cacache/tmp/git-clonedwQoM0/node_modules/webpack/lib/NormalModule.js:327:12
npm ERR!     at /home/samael/.npm/_cacache/tmp/git-clonedwQoM0/node_modules/loader-runner/lib/LoaderRunner.js:370:3
npm ERR!     at iterateNormalLoaders (/home/samael/.npm/_cacache/tmp/git-clonedwQoM0/node_modules/loader-runner/lib/LoaderRunner.js:211:10)
npm ERR!     at iterateNormalLoaders (/home/samael/.npm/_cacache/tmp/git-clonedwQoM0/node_modules/loader-runner/lib/LoaderRunner.js:218:10)
npm ERR!     at /home/samael/.npm/_cacache/tmp/git-clonedwQoM0/node_modules/loader-runner/lib/LoaderRunner.js:233:3
npm ERR!     at context.callback (/home/samael/.npm/_cacache/tmp/git-clonedwQoM0/node_modules/loader-runner/lib/LoaderRunner.js:111:13)
npm ERR!     at untouched (/home/samael/.npm/_cacache/tmp/git-clonedwQoM0/node_modules/source-map-loader/index.js:63:3)
npm ERR!     at module.exports (/home/samael/.npm/_cacache/tmp/git-clonedwQoM0/node_modules/source-map-loader/index.js:60:10)
npm ERR!     at LOADER_EXECUTION (/home/samael/.npm/_cacache/tmp/git-clonedwQoM0/node_modules/loader-runner/lib/LoaderRunner.js:119:14)
npm ERR!     at runSyncOrAsync (/home/samael/.npm/_cacache/tmp/git-clonedwQoM0/node_modules/loader-runner/lib/LoaderRunner.js:120:4)
npm ERR!     at iterateNormalLoaders (/home/samael/.npm/_cacache/tmp/git-clonedwQoM0/node_modules/loader-runner/lib/LoaderRunner.js:229:2)
npm ERR!     at Array.<anonymous> (/home/samael/.npm/_cacache/tmp/git-clonedwQoM0/node_modules/loader-runner/lib/LoaderRunner.js:202:4)
npm ERR!     at Storage.finished (/home/samael/.npm/_cacache/tmp/git-clonedwQoM0/node_modules/enhanced-resolve/lib/CachedInputFileSystem.js:43:16)
npm ERR!     at /home/samael/.npm/_cacache/tmp/git-clonedwQoM0/node_modules/enhanced-resolve/lib/CachedInputFileSystem.js:79:9
npm ERR!     at /home/samael/.npm/_cacache/tmp/git-clonedwQoM0/node_modules/graceful-fs/graceful-fs.js:78:16
npm ERR!     at FSReqCallback.readFileAfterClose [as oncomplete] (node:internal/fs/read/context:68:3) {
npm ERR!   opensslErrorStack: [
npm ERR!     'error:03000086:digital envelope routines::initialization error',
npm ERR!     'error:0308010C:digital envelope routines::unsupported'
npm ERR!   ],
npm ERR!   library: 'digital envelope routines',
npm ERR!   reason: 'unsupported',
npm ERR!   code: 'ERR_OSSL_EVP_UNSUPPORTED'
npm ERR! }
npm ERR! 
npm ERR! Node.js v20.19.2
npm ERR! ERROR: "build:webpack-release" exited with 1.
npm ERR! ERROR: "build" exited with 1.
npm ERR! npm ERR! code 1
npm ERR! npm ERR! path /home/samael/.npm/_cacache/tmp/git-clonedwQoM0
npm ERR! npm ERR! command failed
npm ERR! npm ERR! command sh -c npm run dist
npm ERR! 
npm ERR! npm ERR! A complete log of this run can be found in:
npm ERR! npm ERR!     /home/samael/.npm/_logs/2025-08-29T20_23_31_531Z-debug-0.log

npm ERR! A complete log of this run can be found in:
npm ERR!     /home/samael/.npm/_logs/2025-08-29T20_20_57_064Z-debug-0.log
[󰛡 darkwire]󰅂  samael::   ~/projects/arcangeloOS-prod  󰋘    master        󰮄  21:26:05 
